// Jest Snapshot v1, https://goo.gl/fbAQLP

exports[`AwsService getOperationNames() 1`] = `
Array [
  "AbortMultipartUpload",
  "CompleteMultipartUpload",
  "CopyObject",
  "CreateBucket",
  "CreateMultipartUpload",
  "DeleteBucket",
  "DeleteBucketAnalyticsConfiguration",
  "DeleteBucketCors",
  "DeleteBucketEncryption",
  "DeleteBucketInventoryConfiguration",
  "DeleteBucketLifecycle",
  "DeleteBucketMetricsConfiguration",
  "DeleteBucketPolicy",
  "DeleteBucketReplication",
  "DeleteBucketTagging",
  "DeleteBucketWebsite",
  "DeleteObject",
  "DeleteObjectTagging",
  "DeleteObjects",
  "GetBucketAccelerateConfiguration",
  "GetBucketAcl",
  "GetBucketAnalyticsConfiguration",
  "GetBucketCors",
  "GetBucketEncryption",
  "GetBucketInventoryConfiguration",
  "GetBucketLifecycle",
  "GetBucketLifecycleConfiguration",
  "GetBucketLocation",
  "GetBucketLogging",
  "GetBucketMetricsConfiguration",
  "GetBucketNotification",
  "GetBucketNotificationConfiguration",
  "GetBucketPolicy",
  "GetBucketReplication",
  "GetBucketRequestPayment",
  "GetBucketTagging",
  "GetBucketVersioning",
  "GetBucketWebsite",
  "GetObject",
  "GetObjectAcl",
  "GetObjectTagging",
  "GetObjectTorrent",
  "HeadBucket",
  "HeadObject",
  "ListBucketAnalyticsConfigurations",
  "ListBucketInventoryConfigurations",
  "ListBucketMetricsConfigurations",
  "ListBuckets",
  "ListMultipartUploads",
  "ListObjectVersions",
  "ListObjects",
  "ListObjectsV2",
  "ListParts",
  "PutBucketAccelerateConfiguration",
  "PutBucketAcl",
  "PutBucketAnalyticsConfiguration",
  "PutBucketCors",
  "PutBucketEncryption",
  "PutBucketInventoryConfiguration",
  "PutBucketLifecycle",
  "PutBucketLifecycleConfiguration",
  "PutBucketLogging",
  "PutBucketMetricsConfiguration",
  "PutBucketNotification",
  "PutBucketNotificationConfiguration",
  "PutBucketPolicy",
  "PutBucketReplication",
  "PutBucketRequestPayment",
  "PutBucketTagging",
  "PutBucketVersioning",
  "PutBucketWebsite",
  "PutObject",
  "PutObjectAcl",
  "PutObjectTagging",
  "RestoreObject",
  "UploadPart",
  "UploadPartCopy",
]
`;
