// Jest Snapshot v1, https://goo.gl/fbAQLP

exports[`AwsServiceMetadata getFieldConfig() 1`] = `
Object {
  "resolve": [Function],
  "type": "AwsS3Metadata",
}
`;

exports[`AwsServiceMetadata getFieldConfig() 2`] = `
Object {
  "apiVersion": "2006-03-01",
  "checksumFormat": "md5",
  "endpointPrefix": "s3",
  "globalEndpoint": "s3.amazonaws.com",
  "protocol": "rest-xml",
  "raw": Object {
    "apiVersion": "2006-03-01",
    "checksumFormat": "md5",
    "endpointPrefix": "s3",
    "globalEndpoint": "s3.amazonaws.com",
    "protocol": "rest-xml",
    "serviceAbbreviation": "Amazon S3",
    "serviceFullName": "Amazon Simple Storage Service",
    "serviceId": "S3",
    "signatureVersion": "s3",
    "timestampFormat": "rfc822",
    "uid": "s3-2006-03-01",
  },
  "serviceAbbreviation": "Amazon S3",
  "serviceFullName": "Amazon Simple Storage Service",
  "serviceId": "S3",
  "signatureVersion": "s3",
  "timestampFormat": "rfc822",
  "uid": "s3-2006-03-01",
}
`;

exports[`AwsServiceMetadata getTypeComposer() 1`] = `
Array [
  "apiVersion",
  "endpointPrefix",
  "globalEndpoint",
  "serviceAbbreviation",
  "serviceFullName",
  "signatureVersion",
  "uid",
  "raw",
]
`;
